AI CHESSATHON MATCH LOG
=======================

MATCH
  Round          Rated 99
  Team           AIY
  Colour         White
  Opponent       Karvaxis
  Opening        London System
  Start FEN      r1bqkb1r/pp3ppp/2n1pn2/2pp4/3P1B2/2PBP3/PP1N1PPP/R2QK1NR b KQkq - 1 6
  You moved      Second
  Machine        w-c490f5
  Finished       2026-09-10 15:18:56 UTC
  Match ID       36cd7faa-ba80-4347-849d-f07a7593429a

INIT
  Ready in       85.7 s
  Budget         90.0 s
  Used           95 percent

CLOCK
  Base           120.0 s plus 0.5 s per move
  Moves          54
  Time used      139.8 s
  Slowest        6.3 s on move 8
  Fastest        0.0 s on move 54
  Average        2.6 s
  Left at end    7.2 s

RESULT
  Won by checkmate
  Game lasted 247.7 s

MOVES
    #  move          time     clock left
    1  Bc2           3.8 s      116.7 s
    2  Bxd6          4.1 s      113.1 s
    3  b3            5.5 s      108.1 s
    4  axb3          5.5 s      103.1 s
    5  Ne2           4.9 s       98.8 s
    6  h3            6.1 s       93.2 s
    7  O-O           5.1 s       88.6 s
    8  b4            6.3 s       82.7 s
    9  Nb3           4.2 s       79.0 s
   10  Nc5           3.9 s       75.7 s
   11  Qd2           4.7 s       71.5 s
   12  Bb3           5.6 s       66.4 s
   13  Rfc1          3.3 s       63.6 s
   14  Ba4           4.2 s       59.9 s
   15  cxd4          4.1 s       56.3 s
   16  g4            4.5 s       52.3 s
   17  Qb2           4.0 s       48.8 s
   18  Nxe4          4.2 s       45.0 s
   19  Nf4           2.9 s       42.6 s
   20  Rxc8+         3.4 s       39.7 s
   21  Rc1           3.6 s       36.5 s
   22  Nxe6          3.5 s       33.5 s
   23  Rc8+          3.1 s       30.9 s
   24  Qb1           2.3 s       29.2 s
   25  Qxe4          3.0 s       26.7 s
   26  Qf4           1.9 s       25.3 s
   27  Qb8           1.8 s       24.0 s
   28  Bxd7          1.9 s       22.6 s
   29  Rf8+          2.6 s       20.5 s
   30  Rg8           1.7 s       19.3 s
   31  Qe5+          2.2 s       17.6 s
   32  Qh5+          1.8 s       16.3 s
   33  h4            1.3 s       15.5 s
   34  Kh2           1.3 s       14.7 s
   35  g5+           1.2 s       14.0 s
   36  Rxg7+         1.4 s       13.1 s
   37  gxh6          0.8 s       12.8 s
   38  Qg5+          1.6 s       11.7 s
   39  Qc5+          1.1 s       11.1 s
   40  dxc5          1.0 s       10.7 s
   41  Rxd7          0.9 s       10.3 s
   42  h7            1.3 s        9.5 s
   43  h8=Q          1.6 s        8.3 s
   44  Qa8           1.3 s        7.5 s
   45  Qxa5          1.4 s        6.6 s
   46  Qb4           0.8 s        6.3 s
   47  e4            1.2 s        5.6 s
   48  Qb6+          0.8 s        5.3 s
   49  Qxb7+         0.5 s        5.3 s
   50  c6            0.6 s        5.2 s
   51  c7            0.0 s        5.7 s
   52  c8=Q+         0.0 s        6.2 s
   53  Qg4+          0.0 s        6.7 s
   54  Qf5#          0.0 s        7.2 s

OUTPUT
  Nothing written to stderr

Email hello@aichessathon.com with this file if anything here is unclear.
